../Core/Src/main.c:163:14:Kalman_Irtifa_Init	16	static
../Core/Src/main.c:177:14:Kalman_Irtifa_Predict	24	static
../Core/Src/main.c:203:14:Kalman_Irtifa_Update	40	static
../Core/Src/main.c:235:14:i2c_register_yaz	32	static
../Core/Src/main.c:248:17:i2c_register_oku16	40	static
../Core/Src/main.c:264:14:I2C_Tarayici_Calistir	72	static
../Core/Src/main.c:294:14:bno055_kurulum	8	static
../Core/Src/main.c:304:15:kalman_hesapla_pitch	48	static
../Core/Src/main.c:323:14:HAL_TIM_PeriodElapsedCallback	16	static
../Core/Src/main.c:337:14:I2C_Hatti_Kurtar	40	static
../Core/Src/main.c:413:5:main	328	static
../Core/Src/main.c:724:6:SystemClock_Config	88	static
../Core/Src/main.c:766:13:MX_I2C1_Init	8	static
../Core/Src/main.c:800:13:MX_TIM1_Init	32	static
../Core/Src/main.c:846:13:MX_TIM3_Init	32	static
../Core/Src/main.c:891:13:MX_USART1_UART_Init	8	static
../Core/Src/main.c:924:13:MX_USART2_UART_Init	8	static
../Core/Src/main.c:957:13:MX_USART3_UART_Init	8	static
../Core/Src/main.c:990:13:MX_GPIO_Init	40	static
../Core/Src/main.c:1043:6:HAL_UART_RxCpltCallback	24	static
../Core/Src/main.c:1073:6:HAL_UART_ErrorCallback	32	static
../Core/Src/main.c:1090:6:Error_Handler	4	static,ignoring_inline_asm
